---
source: src/solver/verify.rs
expression: "z3_verify(&m).expect_err(\"verification should fail\")"
---
fails:
  - loc:
      start: 176
      end: 192
    reason: NotInductive
    error:
      Sat:
        signature:
          sorts: []
          relations:
            - mutable: true
              name: p
              args: []
              typ: Bool
            - mutable: true
              name: q
              args: []
              typ: Bool
        universe: []
        interp:
          - shape:
              - 2
            data:
              - 0
          - shape:
              - 2
            data:
              - 0

