---
source: temporal-verifier/tests/test_examples.rs
description: "--name=infer-cvc5.2 -- infer --no-print-invariant qalpha --solver cvc5 --until-safe --max-exist 0 examples/lockserver.fly"
expression: combined_stdout_stderr
---
Number of individual domains: 23

(1) Running qalpha algorithm...
Approximate domain size: 10^2.12 (131)
Prefixes:
    forall node_1 --- 5 atoms --- pDNF { cubes: 3, cube_size: 0, non_unit: 0 } ~ 131
Fixpoint UNSAFE!
Fixpoint size = 0
Covers 0 / 9 of handwritten invariant.

(2) Running qalpha algorithm...
Approximate domain size: 10^3.15 (1404)
Prefixes:
    forall node_1 --- 5 atoms --- pDNF { cubes: 5, cube_size: 0, non_unit: 0 } ~ 243
    forall node_1, node_2 --- 10 atoms --- pDNF { cubes: 3, cube_size: 0, non_unit: 0 } ~ 1161
Fixpoint SAFE!
Fixpoint size = 12
Covers 9 / 9 of handwritten invariant.

======== STDERR: ===========

