---
source: temporal-verifier/tests/test_examples.rs
description: "--name=infer-z3.1 -- infer --no-print-invariant qalpha --until-safe --max-exist 1 --sort node --bound 'node=3' --cubes 3 --cube-size 3 --non-unit 3 examples/lockserver.fly"
expression: combined_stdout_stderr
---
Number of individual domains: 1

(0) Running qalpha algorithm...
Approximate domain size: 10^3.74 (5489)
Prefixes: size = 6, exist = 1, qf = LemmaPDnfConfig { cubes: 3, cube_size: 3, non_unit: 3 }):
    forall node_1, node_2, node_3 --- 32 literals --- LemmaPDnfConfig { cubes: 3, cube_size: 1, non_unit: 0 } ~ 5489
Fixpoint REACHED! frame_size=12, reduced_size=12
Covers 9 / 9 of handwritten invariant.
Safety VERIFIED! proof_size=9

======== STDERR: ===========

