---
source: temporal-verifier/tests/test_examples.rs
description: "-- bdd-check --bound 'node=3' tests/examples/lockserver_buggy.fly"
expression: combined_stdout_stderr
---
starting translation...
translation finished in 1.1s
starting search...
depth 1 in 0.0s
depth 2 in 0.0s
depth 3 in 0.0s
depth 4 in 0.0s
depth 5 in 0.0s
depth 6 in 0.0s
depth 7 in 0.0s
depth 8 in 0.0s
depth 9 in 0.0s
depth 10 in 0.0s
depth 11 in 0.0s
depth 12 in 0.1s
found counterexample!
state 0:
lock_msg: {}
unlock_msg: {}
grant_msg: {}
holds_lock: {}
server_holds_lock: {[], }

state 1:
lock_msg: {[0], }
unlock_msg: {}
grant_msg: {}
holds_lock: {}
server_holds_lock: {[], }

state 2:
lock_msg: {}
unlock_msg: {}
grant_msg: {[0], }
holds_lock: {}
server_holds_lock: {}

state 3:
lock_msg: {[0], }
unlock_msg: {}
grant_msg: {[0], }
holds_lock: {}
server_holds_lock: {}

state 4:
lock_msg: {[0], [1], }
unlock_msg: {}
grant_msg: {[0], }
holds_lock: {}
server_holds_lock: {}

state 5:
lock_msg: {[0], [1], }
unlock_msg: {}
grant_msg: {}
holds_lock: {[0], }
server_holds_lock: {}

state 6:
lock_msg: {[0], [1], }
unlock_msg: {[0], }
grant_msg: {}
holds_lock: {}
server_holds_lock: {}

state 7:
lock_msg: {[0], [1], }
unlock_msg: {[0], }
grant_msg: {}
holds_lock: {}
server_holds_lock: {[], }

state 8:
lock_msg: {[0], }
unlock_msg: {[0], }
grant_msg: {[1], }
holds_lock: {}
server_holds_lock: {}

state 9:
lock_msg: {[0], }
unlock_msg: {[0], }
grant_msg: {[1], }
holds_lock: {}
server_holds_lock: {[], }

state 10:
lock_msg: {[0], }
unlock_msg: {[0], }
grant_msg: {}
holds_lock: {[1], }
server_holds_lock: {[], }

state 11:
lock_msg: {}
unlock_msg: {[0], }
grant_msg: {[0], }
holds_lock: {[1], }
server_holds_lock: {}

state 12:
lock_msg: {}
unlock_msg: {[0], }
grant_msg: {}
holds_lock: {[0], [1], }
server_holds_lock: {}


======== STDERR: ===========

