---
source: temporal-verifier/tests/test_examples.rs
description: "--name=2 -- set-check --bound 'node=3' --print-timing false tests/examples/lockserver_buggy.fly"
expression: combined_stdout_stderr
---
starting search from depth 0. there are 1 initial states in the queue.
considering new depth: 1. queue length is 1. seen 4 unique states.
considering new depth: 2. queue length is 2. seen 10 unique states.
considering new depth: 3. queue length is 4. seen 23 unique states.
considering new depth: 4. queue length is 5. seen 44 unique states.
considering new depth: 5. queue length is 6. seen 68 unique states.
considering new depth: 6. queue length is 5. seen 89 unique states.
considering new depth: 7. queue length is 5. seen 110 unique states.
considering new depth: 8. queue length is 10. seen 158 unique states.
considering new depth: 9. queue length is 18. seen 251 unique states.
considering new depth: 10. queue length is 22. seen 362 unique states.
considering new depth: 11. queue length is 25. seen 488 unique states.
considering new depth: 12. queue length is 38. seen 689 unique states.
found counterexample:
state 0:
lock_msg(@node_0) = false
lock_msg(@node_1) = false
lock_msg(@node_2) = false
grant_msg(@node_0) = false
grant_msg(@node_1) = false
grant_msg(@node_2) = false
unlock_msg(@node_0) = false
unlock_msg(@node_1) = false
unlock_msg(@node_2) = false
holds_lock(@node_0) = false
holds_lock(@node_1) = false
holds_lock(@node_2) = false
server_holds_lock = true

state 1:
lock_msg(@node_0) = true
lock_msg(@node_1) = false
lock_msg(@node_2) = false
grant_msg(@node_0) = false
grant_msg(@node_1) = false
grant_msg(@node_2) = false
unlock_msg(@node_0) = false
unlock_msg(@node_1) = false
unlock_msg(@node_2) = false
holds_lock(@node_0) = false
holds_lock(@node_1) = false
holds_lock(@node_2) = false
server_holds_lock = true

state 2:
lock_msg(@node_0) = true
lock_msg(@node_1) = true
lock_msg(@node_2) = false
grant_msg(@node_0) = false
grant_msg(@node_1) = false
grant_msg(@node_2) = false
unlock_msg(@node_0) = false
unlock_msg(@node_1) = false
unlock_msg(@node_2) = false
holds_lock(@node_0) = false
holds_lock(@node_1) = false
holds_lock(@node_2) = false
server_holds_lock = true

state 3:
lock_msg(@node_0) = true
lock_msg(@node_1) = true
lock_msg(@node_2) = true
grant_msg(@node_0) = false
grant_msg(@node_1) = false
grant_msg(@node_2) = false
unlock_msg(@node_0) = false
unlock_msg(@node_1) = false
unlock_msg(@node_2) = false
holds_lock(@node_0) = false
holds_lock(@node_1) = false
holds_lock(@node_2) = false
server_holds_lock = true

state 4:
lock_msg(@node_0) = false
lock_msg(@node_1) = true
lock_msg(@node_2) = true
grant_msg(@node_0) = true
grant_msg(@node_1) = false
grant_msg(@node_2) = false
unlock_msg(@node_0) = false
unlock_msg(@node_1) = false
unlock_msg(@node_2) = false
holds_lock(@node_0) = false
holds_lock(@node_1) = false
holds_lock(@node_2) = false
server_holds_lock = false

state 5:
lock_msg(@node_0) = false
lock_msg(@node_1) = true
lock_msg(@node_2) = true
grant_msg(@node_0) = false
grant_msg(@node_1) = false
grant_msg(@node_2) = false
unlock_msg(@node_0) = false
unlock_msg(@node_1) = false
unlock_msg(@node_2) = false
holds_lock(@node_0) = true
holds_lock(@node_1) = false
holds_lock(@node_2) = false
server_holds_lock = false

state 6:
lock_msg(@node_0) = false
lock_msg(@node_1) = true
lock_msg(@node_2) = true
grant_msg(@node_0) = false
grant_msg(@node_1) = false
grant_msg(@node_2) = false
unlock_msg(@node_0) = true
unlock_msg(@node_1) = false
unlock_msg(@node_2) = false
holds_lock(@node_0) = false
holds_lock(@node_1) = false
holds_lock(@node_2) = false
server_holds_lock = false

state 7:
lock_msg(@node_0) = false
lock_msg(@node_1) = true
lock_msg(@node_2) = true
grant_msg(@node_0) = false
grant_msg(@node_1) = false
grant_msg(@node_2) = false
unlock_msg(@node_0) = true
unlock_msg(@node_1) = false
unlock_msg(@node_2) = false
holds_lock(@node_0) = false
holds_lock(@node_1) = false
holds_lock(@node_2) = false
server_holds_lock = true

state 8:
lock_msg(@node_0) = false
lock_msg(@node_1) = false
lock_msg(@node_2) = true
grant_msg(@node_0) = false
grant_msg(@node_1) = true
grant_msg(@node_2) = false
unlock_msg(@node_0) = true
unlock_msg(@node_1) = false
unlock_msg(@node_2) = false
holds_lock(@node_0) = false
holds_lock(@node_1) = false
holds_lock(@node_2) = false
server_holds_lock = false

state 9:
lock_msg(@node_0) = false
lock_msg(@node_1) = false
lock_msg(@node_2) = true
grant_msg(@node_0) = false
grant_msg(@node_1) = true
grant_msg(@node_2) = false
unlock_msg(@node_0) = true
unlock_msg(@node_1) = false
unlock_msg(@node_2) = false
holds_lock(@node_0) = false
holds_lock(@node_1) = false
holds_lock(@node_2) = false
server_holds_lock = true

state 10:
lock_msg(@node_0) = false
lock_msg(@node_1) = false
lock_msg(@node_2) = false
grant_msg(@node_0) = false
grant_msg(@node_1) = true
grant_msg(@node_2) = true
unlock_msg(@node_0) = true
unlock_msg(@node_1) = false
unlock_msg(@node_2) = false
holds_lock(@node_0) = false
holds_lock(@node_1) = false
holds_lock(@node_2) = false
server_holds_lock = false

state 11:
lock_msg(@node_0) = false
lock_msg(@node_1) = false
lock_msg(@node_2) = false
grant_msg(@node_0) = false
grant_msg(@node_1) = false
grant_msg(@node_2) = true
unlock_msg(@node_0) = true
unlock_msg(@node_1) = false
unlock_msg(@node_2) = false
holds_lock(@node_0) = false
holds_lock(@node_1) = true
holds_lock(@node_2) = false
server_holds_lock = false

state 12:
lock_msg(@node_0) = false
lock_msg(@node_1) = false
lock_msg(@node_2) = false
grant_msg(@node_0) = false
grant_msg(@node_1) = false
grant_msg(@node_2) = false
unlock_msg(@node_0) = true
unlock_msg(@node_1) = false
unlock_msg(@node_2) = false
holds_lock(@node_0) = false
holds_lock(@node_1) = true
holds_lock(@node_2) = true
server_holds_lock = false


======== STDERR: ===========

