---
source: temporal-verifier/tests/test_examples.rs
description: "--name=1 -- sat-check --bound 'node=3' '--depth=20' tests/examples/lockserver_buggy.fly"
expression: combined_stdout_stderr
---
starting translation...
translation finished in 0.0s
starting cadical search...
found counterexample!
state 0:
grant_msg: {}
unlock_msg: {}
holds_lock: {}
lock_msg: {}
server_holds_lock: {[], }

state 1:
grant_msg: {}
unlock_msg: {}
holds_lock: {}
lock_msg: {[0], }
server_holds_lock: {[], }

state 2:
grant_msg: {}
unlock_msg: {}
holds_lock: {}
lock_msg: {[0], }
server_holds_lock: {[], }

state 3:
grant_msg: {}
unlock_msg: {}
holds_lock: {}
lock_msg: {[0], }
server_holds_lock: {[], }

state 4:
grant_msg: {}
unlock_msg: {}
holds_lock: {}
lock_msg: {[0], }
server_holds_lock: {[], }

state 5:
grant_msg: {}
unlock_msg: {}
holds_lock: {}
lock_msg: {[0], [1], }
server_holds_lock: {[], }

state 6:
grant_msg: {}
unlock_msg: {}
holds_lock: {}
lock_msg: {[0], [1], }
server_holds_lock: {[], }

state 7:
grant_msg: {[1], }
unlock_msg: {}
holds_lock: {}
lock_msg: {[0], }
server_holds_lock: {}

state 8:
grant_msg: {}
unlock_msg: {}
holds_lock: {[1], }
lock_msg: {[0], }
server_holds_lock: {}

state 9:
grant_msg: {}
unlock_msg: {}
holds_lock: {[1], }
lock_msg: {[0], }
server_holds_lock: {}

state 10:
grant_msg: {}
unlock_msg: {}
holds_lock: {[1], }
lock_msg: {[0], [1], }
server_holds_lock: {}

state 11:
grant_msg: {}
unlock_msg: {[1], }
holds_lock: {}
lock_msg: {[0], [1], }
server_holds_lock: {}

state 12:
grant_msg: {}
unlock_msg: {[1], }
holds_lock: {}
lock_msg: {[0], [1], [2], }
server_holds_lock: {}

state 13:
grant_msg: {}
unlock_msg: {[1], }
holds_lock: {}
lock_msg: {[0], [1], [2], }
server_holds_lock: {[], }

state 14:
grant_msg: {}
unlock_msg: {[1], }
holds_lock: {}
lock_msg: {[0], [1], [2], }
server_holds_lock: {[], }

state 15:
grant_msg: {}
unlock_msg: {[1], }
holds_lock: {}
lock_msg: {[0], [1], [2], }
server_holds_lock: {[], }

state 16:
grant_msg: {[2], }
unlock_msg: {[1], }
holds_lock: {}
lock_msg: {[0], [1], }
server_holds_lock: {}

state 17:
grant_msg: {[2], }
unlock_msg: {[1], }
holds_lock: {}
lock_msg: {[0], [1], }
server_holds_lock: {[], }

state 18:
grant_msg: {}
unlock_msg: {[1], }
holds_lock: {[2], }
lock_msg: {[0], [1], }
server_holds_lock: {[], }

state 19:
grant_msg: {[0], }
unlock_msg: {[1], }
holds_lock: {[2], }
lock_msg: {[1], }
server_holds_lock: {}

state 20:
grant_msg: {}
unlock_msg: {[1], }
holds_lock: {[0], [2], }
lock_msg: {[1], }
server_holds_lock: {}

cadical search finished in 0.3s
starting kissat search...
kissat search finished in 0.1s

======== STDERR: ===========

