---
source: tests/test_examples.rs
description: "--all-solvers --name=houdini.1 -- infer --houdini tests/examples/success/safety2.fly"
expression: combined_stdout_stderr
---
Running Houdini, candidate invariants are:
    x
    y
    z

Checking initiation:
    Checking x
    Checking y
    Checking z
Candidate invariants are:
    x
    y
    z

Computing fixed point:
    Checking x
    Checking y
    Checking z
Fixed point reached
# inferred invariant:
assert always x
proof {
  invariant x
  invariant y
  invariant z
}
verifies!

======== STDERR: ===========

