---
source: temporal-verifier/tests/test_examples.rs
description: "--expect-fail --all-solvers -- verify tests/examples/fail/safety1_init.fly"
expression: combined_stdout_stderr
---

======== STDERR: ===========
verification errors:
error: init does not imply invariant
 = counter example:
   p = true
   q = false


